// Jest Snapshot v1, https://goo.gl/fbAQLP

exports[`<Hello /> matches snapshot 1`] = `
<div>
  <div>
    <b>
      K
    </b>
    Â 
    <span>
      Kim
    </span>
  </div>
</div>
`;
